// Jest Snapshot v1, https://goo.gl/fbAQLP

exports[`<Footer /> renders the <Footer /> with populated data 1`] = `
<div
  class="footer__Container-sc-qu6i6-0 jxcmBX"
>
   
  <p
    class="footer__Title-sc-qu6i6-4 eFukSh"
  >
     
    Questions? Call -Â 
    <a
      class="footer__Link-sc-qu6i6-3 ifmFpN"
      href="#"
    >
       
      8-800-100-9668
       
    </a>
     
  </p>
  <div
    class="footer__Break-sc-qu6i6-6 kovJPW"
  >
     
     
  </div>
  <div
    class="footer__Row-sc-qu6i6-2 kmZTct"
  >
     
    <div
      class="footer__Column-sc-qu6i6-1 dAEAoA"
    >
       
      <a
        class="footer__Link-sc-qu6i6-3 ifmFpN"
        href="#"
      >
         
        FAQ
         
      </a>
      <a
        class="footer__Link-sc-qu6i6-3 ifmFpN"
        href="#"
      >
         
        Investor Relations
         
      </a>
      <a
        class="footer__Link-sc-qu6i6-3 ifmFpN"
        href="#"
      >
         
        Ways to Watch
         
      </a>
      <a
        class="footer__Link-sc-qu6i6-3 ifmFpN"
        href="#"
      >
         
        Corporate Information
         
      </a>
      <a
        class="footer__Link-sc-qu6i6-3 ifmFpN"
        href="#"
      >
         
        Netflix Originals
         
      </a>
       
    </div>
    <div
      class="footer__Column-sc-qu6i6-1 dAEAoA"
    >
       
      <a
        class="footer__Link-sc-qu6i6-3 ifmFpN"
        href="#"
      >
         
        Help Centre
         
      </a>
      <a
        class="footer__Link-sc-qu6i6-3 ifmFpN"
        href="#"
      >
         
        Jobs
         
      </a>
      <a
        class="footer__Link-sc-qu6i6-3 ifmFpN"
        href="#"
      >
         
        Terms of Use
         
      </a>
      <a
        class="footer__Link-sc-qu6i6-3 ifmFpN"
        href="#"
      >
         
        Contact Us
         
      </a>
       
    </div>
    <div
      class="footer__Column-sc-qu6i6-1 dAEAoA"
    >
       
      <a
        class="footer__Link-sc-qu6i6-3 ifmFpN"
        href="#"
      >
         
        Account
         
      </a>
      <a
        class="footer__Link-sc-qu6i6-3 ifmFpN"
        href="#"
      >
         
        Redeem Gift Cards
         
      </a>
      <a
        class="footer__Link-sc-qu6i6-3 ifmFpN"
        href="#"
      >
         
        Privacy
         
      </a>
      <a
        class="footer__Link-sc-qu6i6-3 ifmFpN"
        href="#"
      >
         
        Speed Test
         
      </a>
       
    </div>
    <div
      class="footer__Column-sc-qu6i6-1 dAEAoA"
    >
       
      <a
        class="footer__Link-sc-qu6i6-3 ifmFpN"
        href="#"
      >
         
        Media Centre
         
      </a>
      <a
        class="footer__Link-sc-qu6i6-3 ifmFpN"
        href="#"
      >
         
        Buy Gift Cards
         
      </a>
      <a
        class="footer__Link-sc-qu6i6-3 ifmFpN"
        href="#"
      >
         
        Cookie Preferences
         
      </a>
      <a
        class="footer__Link-sc-qu6i6-3 ifmFpN"
        href="#"
      >
         
        Legal Notices
         
      </a>
       
    </div>
     
  </div>
  <div
    class="footer__Break-sc-qu6i6-6 kovJPW"
  >
     
     
  </div>
  <div
    class="footer__Text-sc-qu6i6-5 kMbwyM"
  >
     
    Netflix Russia
     
  </div>
   
</div>
`;
